// Jest Snapshot v1, https://goo.gl/fbAQLP

exports[`vscode-stylelint with "stylelint.reportNeedlessDisables" should work if "stylelint.reportNeedlessDisables" is enabled 1`] = `
Array [
  Object {
    "code": Object {
      "target": Object {
        "authority": "stylelint.io",
        "path": "/user-guide/rules/indentation",
        "scheme": "https",
      },
      "value": "indentation",
    },
    "data": undefined,
    "hasDiagnosticCode": true,
    "message": "Expected indentation of 4 spaces (indentation)",
    "range": Object {
      "end": Object {
        "character": 2,
        "line": 2,
      },
      "start": Object {
        "character": 2,
        "line": 2,
      },
    },
    "severity": 0,
    "source": "stylelint",
  },
  Object {
    "code": "--report-needless-disables",
    "data": undefined,
    "hasDiagnosticCode": false,
    "message": "Needless disable for \\"indentation\\"",
    "range": Object {
      "end": Object {
        "character": 2,
        "line": 2,
      },
      "start": Object {
        "character": 2,
        "line": 2,
      },
    },
    "severity": 0,
    "source": "stylelint",
  },
  Object {
    "code": "--report-needless-disables",
    "data": undefined,
    "hasDiagnosticCode": false,
    "message": "Needless disable for \\"indentation\\"",
    "range": Object {
      "end": Object {
        "character": 0,
        "line": 6,
      },
      "start": Object {
        "character": 0,
        "line": 6,
      },
    },
    "severity": 0,
    "source": "stylelint",
  },
  Object {
    "code": "--report-needless-disables",
    "data": undefined,
    "hasDiagnosticCode": false,
    "message": "Needless disable for \\"indentation\\"",
    "range": Object {
      "end": Object {
        "character": 16,
        "line": 14,
      },
      "start": Object {
        "character": 16,
        "line": 14,
      },
    },
    "severity": 0,
    "source": "stylelint",
  },
  Object {
    "code": "--report-needless-disables",
    "data": undefined,
    "hasDiagnosticCode": false,
    "message": "Needless disable for \\"indentation\\"",
    "range": Object {
      "end": Object {
        "character": 0,
        "line": 17,
      },
      "start": Object {
        "character": 0,
        "line": 17,
      },
    },
    "severity": 0,
    "source": "stylelint",
  },
  Object {
    "code": "--report-needless-disables",
    "data": undefined,
    "hasDiagnosticCode": false,
    "message": "Needless disable for \\"unknown\\"",
    "range": Object {
      "end": Object {
        "character": 2,
        "line": 2,
      },
      "start": Object {
        "character": 2,
        "line": 2,
      },
    },
    "severity": 0,
    "source": "stylelint",
  },
]
`;
