// Jest Snapshot v1, https://goo.gl/fbAQLP

exports[`vscode-stylelint with "stylelint.syntax" should work even if "stylelint.syntax" is defined 1`] = `
Array [
  Object {
    "code": Object {
      "target": Object {
        "authority": "stylelint.io",
        "path": "/user-guide/rules/indentation",
        "scheme": "https",
      },
      "value": "indentation",
    },
    "message": "Expected indentation of 4 spaces (indentation)",
    "range": Object {
      "end": Object {
        "character": 2,
        "line": 2,
      },
      "start": Object {
        "character": 2,
        "line": 2,
      },
    },
    "severity": 0,
    "source": "stylelint",
  },
]
`;
