// Vitest Snapshot v1, https://vitest.dev/guide/snapshot.html

exports[`findPackageRoot > with custom root file > should throw when encountering a file system error other than ENOENT or ENOTDIR 1`] = `[Error: EACCES: permission denied, open 'foo/bar/baz']`;

exports[`findPackageRoot > with defaults > should throw when encountering a file system error other than ENOENT or ENOTDIR 1`] = `[Error: EACCES: permission denied, open 'foo/bar/baz']`;
