// Jest Snapshot v1, https://goo.gl/fbAQLP

exports[`"stylelint.configBasedir" setting should resolve referenced configs using the base directory 1`] = `
[
  {
    "code": "color-hex-alpha",
    "codeDescription": {
      "href": "https://stylelint.io/user-guide/rules/color-hex-alpha",
    },
    "message": "Expected alpha channel in "#fff" (color-hex-alpha)",
    "range": {
      "end": {
        "character": 13,
        "line": 1,
      },
      "start": {
        "character": 9,
        "line": 1,
      },
    },
    "severity": 1,
    "source": "Stylelint",
  },
  {
    "code": "color-hex-length",
    "codeDescription": {
      "href": "https://stylelint.io/user-guide/rules/color-hex-length",
    },
    "message": "Expected "#fff" to be "#ffffff" (color-hex-length)",
    "range": {
      "end": {
        "character": 13,
        "line": 1,
      },
      "start": {
        "character": 9,
        "line": 1,
      },
    },
    "severity": 1,
    "source": "Stylelint",
  },
]
`;
