// Jest Snapshot v1, https://goo.gl/fbAQLP

exports[`"stylelint.reportInvalidScopeDisables" setting should report invalid-scope disables when enabled 1`] = `
[
  {
    "code": "--report-invalid-scope-disables",
    "message": "Rule "foo" isn't enabled",
    "range": {
      "end": {
        "character": 36,
        "line": 0,
      },
      "start": {
        "character": 0,
        "line": 0,
      },
    },
    "severity": 1,
    "source": "Stylelint",
  },
  {
    "code": "--report-invalid-scope-disables",
    "message": "Rule "foo" isn't enabled",
    "range": {
      "end": {
        "character": 31,
        "line": 2,
      },
      "start": {
        "character": 0,
        "line": 2,
      },
    },
    "severity": 1,
    "source": "Stylelint",
  },
  {
    "code": "--report-invalid-scope-disables",
    "message": "Rule "foo" isn't enabled",
    "range": {
      "end": {
        "character": 26,
        "line": 4,
      },
      "start": {
        "character": 0,
        "line": 4,
      },
    },
    "severity": 1,
    "source": "Stylelint",
  },
]
`;
