// Jest Snapshot v1, https://goo.gl/fbAQLP

exports[`vscode-stylelint with "stylelint.stylelintPath" should work even if "stylelint.stylelintPath" is defined 1`] = `
Array [
  Object {
    "code": "fake",
    "message": "Fake result",
    "range": Object {
      "end": Object {
        "character": 0,
        "line": 0,
      },
      "start": Object {
        "character": 0,
        "line": 0,
      },
    },
    "severity": 1,
    "source": "Stylelint",
  },
]
`;
