// Jest Snapshot v1, https://goo.gl/fbAQLP

exports[`AutoFixModule onInitialize should return results 1`] = `
Object {
  "capabilities": Object {
    "executeCommandProvider": Object {
      "commands": Array [
        "stylelint.applyAutoFix",
      ],
    },
  },
}
`;

exports[`AutoFixModule should auto-fix documents 1`] = `
Array [
  Object {
    "changeAnnotations": undefined,
    "documentChanges": Array [
      Object {
        "edits": Array [
          Object {
            "newText": "text",
            "range": Object {
              "end": Object {
                "character": 0,
                "line": 0,
              },
              "start": Object {
                "character": 0,
                "line": 0,
              },
            },
          },
        ],
        "textDocument": Object {
          "uri": "foo",
          "version": 1,
        },
      },
    ],
  },
]
`;
