// Jest Snapshot v1, https://goo.gl/fbAQLP

exports[`Extension entry point should create a language client 1`] = `
Array [
  "Stylelint",
  Object {
    "debug": Object {
      "module": "mock-path",
      "options": Object {
        "execArgv": Array [
          "--nolazy",
          "--inspect=6004",
        ],
      },
    },
    "run": Object {
      "module": "mock-path",
    },
  },
  Object {
    "diagnosticCollectionName": "Stylelint",
    "documentSelector": Array [
      Object {
        "scheme": "file",
      },
      Object {
        "scheme": "untitled",
      },
    ],
    "synchronize": Object {
      "fileEvents": undefined,
    },
  },
]
`;

exports[`Extension entry point with an active text editor, should send auto-fix commands to the language server 1`] = `
Array [
  "executeCommand",
  Object {
    "arguments": Array [
      Object {
        "uri": "file:///path/to/file.ts",
        "version": 1,
      },
    ],
    "command": "stylelint.applyAutoFix",
  },
]
`;
