// Jest Snapshot v1, https://goo.gl/fbAQLP

exports[`vscode-stylelint lint test should display correctly that rule documentation links 1`] = `
Array [
  Object {
    "code": "plugin/foo-bar",
    "data": undefined,
    "hasDiagnosticCode": false,
    "message": "Bar (plugin/foo-bar)",
    "range": Object {
      "end": Object {
        "character": 5,
        "line": 0,
      },
      "start": Object {
        "character": 5,
        "line": 0,
      },
    },
    "severity": 0,
    "source": "stylelint",
  },
  Object {
    "code": Object {
      "target": Object {
        "authority": "stylelint.io",
        "path": "/user-guide/rules/color-no-invalid-hex",
        "scheme": "https",
      },
      "value": "color-no-invalid-hex",
    },
    "data": undefined,
    "hasDiagnosticCode": true,
    "message": "Unexpected invalid hex color \\"#y3\\" (color-no-invalid-hex)",
    "range": Object {
      "end": Object {
        "character": 11,
        "line": 6,
      },
      "start": Object {
        "character": 11,
        "line": 6,
      },
    },
    "severity": 0,
    "source": "stylelint",
  },
  Object {
    "code": Object {
      "target": Object {
        "authority": "stylelint.io",
        "path": "/user-guide/rules/indentation",
        "scheme": "https",
      },
      "value": "indentation",
    },
    "data": undefined,
    "hasDiagnosticCode": true,
    "message": "Expected indentation of 4 spaces (indentation)",
    "range": Object {
      "end": Object {
        "character": 2,
        "line": 2,
      },
      "start": Object {
        "character": 2,
        "line": 2,
      },
    },
    "severity": 0,
    "source": "stylelint",
  },
]
`;
