// Jest Snapshot v1, https://goo.gl/fbAQLP

exports[`getFixes should return edits if Stylelint made changes 1`] = `
[
  {
    "newText": "",
    "range": {
      "end": {
        "character": 4,
        "line": 2,
      },
      "start": {
        "character": 3,
        "line": 2,
      },
    },
  },
  {
    "newText": "  ",
    "range": {
      "end": {
        "character": 4,
        "line": 2,
      },
      "start": {
        "character": 4,
        "line": 2,
      },
    },
  },
  {
    "newText": "",
    "range": {
      "end": {
        "character": 3,
        "line": 8,
      },
      "start": {
        "character": 3,
        "line": 5,
      },
    },
  },
  {
    "newText": "",
    "range": {
      "end": {
        "character": 4,
        "line": 9,
      },
      "start": {
        "character": 3,
        "line": 9,
      },
    },
  },
  {
    "newText": "  ",
    "range": {
      "end": {
        "character": 4,
        "line": 9,
      },
      "start": {
        "character": 4,
        "line": 9,
      },
    },
  },
  {
    "newText": "",
    "range": {
      "end": {
        "character": 4,
        "line": 10,
      },
      "start": {
        "character": 3,
        "line": 10,
      },
    },
  },
  {
    "newText": "  ",
    "range": {
      "end": {
        "character": 4,
        "line": 10,
      },
      "start": {
        "character": 4,
        "line": 10,
      },
    },
  },
]
`;
